// Jest Snapshot v1, https://goo.gl/fbAQLP

exports[`should get a list of workouts 1`] = `
{
  "meWorkouts": {
    "edges": [
      {
        "node": {
          "createdBy": {
            "firstName": "User 1 firstName",
            "id": "FROZEN-ID",
          },
          "id": "FROZEN-ID",
          "name": "Workout NaN name",
          "user": {
            "firstName": "User 1 firstName",
            "id": "FROZEN-ID",
          },
        },
      },
    ],
  },
}
`;

exports[`should not get a list of workouts in a user that not create this workout 1`] = `
{
  "meWorkouts": {
    "edges": [],
  },
}
`;
